         w __deregister_frame_info
         w __gnu_Unwind_Find_exidx
         w __register_frame_info
         w __syscall_tls_create
         w __syscall_tls_delete
         w __syscall_tls_get
         w __syscall_tls_set
         w userAppExit
         w userAppInit
00000000 00000802 B __ctru_dev_utf16_buf
00000000 A __sync_synchronize
00000000 b _TLS_MODULE_BASE_
00000000 a shift
00000000 a shift
00000804 00000401 B __ctru_dev_path_buf
00100000 A __start__
00100000 T _start
00100008 T __service_ptr
0010000c T __apt_appid
00100010 T __heap_size
00100014 T __linear_heap_size
00100018 T __system_arglist
0010001c T __system_runflags
00100020 t startup
00100058 t ClearMem
0010006c t ClrLoop
00100094 T _init
001000ac t .udivsi3_skip_div0_test
001000ac T __aeabi_uidiv
001000ac 000001ec T __udivsi3
00100298 00000020 T __aeabi_uidivmod
001002b8 T __aeabi_idiv
001002b8 00000220 T __divsi3
001002c0 t .divsi3_skip_div0_test
001004d8 00000020 T __aeabi_idivmod
001004f8 00000004 W __aeabi_idiv0
001004f8 00000004 W __aeabi_ldiv0
001004fc T __aeabi_drsub
00100504 000002b0 T __aeabi_dsub
00100504 000002b0 T __subdf3
00100508 000002ac T __adddf3
00100508 000002ac T __aeabi_dadd
001007b4 00000024 T __aeabi_ui2d
001007b4 00000024 T __floatunsidf
001007d8 00000028 T __aeabi_i2d
001007d8 00000028 T __floatsidf
00100800 00000048 T __aeabi_f2d
00100800 00000048 T __extendsfdf2
00100848 00000074 T __aeabi_ul2d
00100848 00000074 T __floatundidf
0010085c 00000060 T __aeabi_l2d
0010085c 00000060 T __floatdidf
001008bc T __aeabi_ldivmod
00100990 00000014 T __restore_core_regs
00100990 00000014 T restore_core_regs
001009a4 T __gnu_Unwind_Restore_VFP
001009ac T __gnu_Unwind_Save_VFP
001009b4 T __gnu_Unwind_Restore_VFP_D
001009bc T __gnu_Unwind_Save_VFP_D
001009c4 T __gnu_Unwind_Restore_VFP_D_16_to_31
001009cc T __gnu_Unwind_Save_VFP_D_16_to_31
001009d4 T __gnu_Unwind_Restore_WMMXD
00100a18 T __gnu_Unwind_Save_WMMXD
00100a5c T __gnu_Unwind_Restore_WMMXC
00100a70 T __gnu_Unwind_Save_WMMXC
00100a84 00000024 T ___Unwind_RaiseException
00100a84 00000024 T _Unwind_RaiseException
00100aa8 00000024 T ___Unwind_Resume
00100aa8 00000024 T _Unwind_Resume
00100acc 00000024 T ___Unwind_Resume_or_Rethrow
00100acc 00000024 T _Unwind_Resume_or_Rethrow
00100af0 00000024 T ___Unwind_ForcedUnwind
00100af0 00000024 T _Unwind_ForcedUnwind
00100b14 00000024 T ___Unwind_Backtrace
00100b14 00000024 T _Unwind_Backtrace
00100b48 00000390 T strcmp
00100ed0 t __do_global_dtors_aux
00100f20 t frame_dummy
00100f4c 000002dc t initMenuTexts() [clone .part.0]
00101228 0000088c T main
00101ab4 0000005c T textParse(std::__cxx11::basic_string<char, std::char_traits<char>, std::allocator<char> >, TextClass*, float, float, float)
00101b10 00000070 T renderText()
00101b80 00000094 T menuInit()
00101c14 00000020 T menuExit()
00101c34 00000044 t C2Di_FrameEndHook
00101c78 00000368 T C2D_Init
00101fe0 0000004c T C2D_Fini
0010202c 000000bc T C2D_Prepare
001020e8 00000048 T C2D_Flush
00102130 000000fc T C2D_SceneSize
0010222c 00000060 T C2D_CreateScreenTarget
0010228c 00000060 T C2D_TargetClear
001022ec 0000014c T C2Di_CalcQuad
00102438 00000054 T C2Di_AppendQuad
0010248c 00000040 T C2Di_AppendVtx
001024cc 00000738 T C2Di_Update
00102c04 000002e8 T C2D_DrawImage
00102eec 00000168 T C2D_DrawRectangle
00103054 00000040 T C2D_FontFree
00103094 000000f8 t C2Di_PostLoadFont
0010318c 000001b4 T C2D_FontLoadSystem
00103340 00000050 T C2D_FontGlyphIndexFromCodePoint
00103390 00000074 T C2D_FontCalcGlyphPos
00103404 00000068 T C2D_SpriteSheetLoadFromHandle
0010346c 00000048 T C2D_SpriteSheetLoad
001034b4 00000028 T C2D_SpriteSheetFree
001034dc 00000028 T C2D_SpriteSheetGetImage
00103504 00000018 t C2Di_GlyphComp
0010351c 00000180 t C2Di_CalcLineWidths
0010369c 000001d0 T C2D_TextBufNew
0010386c 00000004 T C2D_TextBufDelete
00103870 000001c4 T C2D_TextFontParseLine
00103a34 000000a4 T C2D_TextFontParse
00103ad8 00000030 T C2D_TextOptimize
00103b08 00000fdc T C2D_DrawText
00104ae4 00000028 T AttrInfo_Init
00104b0c 00000094 T AttrInfo_AddLoader
00104ba0 00000054 T C3D_SetAttrInfo
00104bf4 00000080 T C3Di_AttrInfoBind
00104c74 00000004 W C3Di_LightEnvUpdate
00104c78 00000004 W C3Di_LightEnvDirty
00104c7c 000000b4 t C3Di_AptEventHook
00104d30 00000004 W C3Di_GasUpdate
00104d34 000001d0 T C3D_Init
00104f04 00000098 T C3D_SetViewport
00104f9c 000004e8 T C3Di_UpdateContext
00105484 000000e0 T C3Di_SplitFrame
00105564 00000044 T C3D_Fini
001055a8 00000194 T C3D_BindProgram
0010573c 00000024 T BufInfo_Init
00105760 00000080 T BufInfo_Add
001057e0 0000003c T C3D_SetBufInfo
0010581c 00000048 T C3Di_BufInfoBind
00105864 0000021c T C3D_DrawElements
00105a80 00000040 T C3D_DepthMap
00105ac0 0000001c T C3D_CullFace
00105adc 00000040 T C3D_StencilTest
00105b1c 00000024 T C3D_StencilOp
00105b40 0000001c T C3D_BlendingColor
00105b5c 00000024 T C3D_EarlyDepthTest
00105b80 0000002c T C3D_DepthTest
00105bac 0000002c T C3D_AlphaTest
00105bd8 00000050 T C3D_AlphaBlend
00105c28 00000030 T C3D_FragOpMode
00105c58 00000044 T C3D_FragOpShadow
00105c9c 000001ac T C3Di_EffectBind
00105e48 0000001c T C3D_CalcColorBufSize
00105e64 0000001c T C3D_CalcDepthBufSize
00105e80 00000044 T C3D_SetFrameBuf
00105ec4 0000016c T C3Di_FrameBufBind
00106030 000000c8 T C3D_FrameBufClear
001060f8 00000044 T C3D_FrameBufTransfer
0010613c 000000a8 T C3D_ImmSendAttrib
001061e4 00000070 T C3D_ProcTexInit
00106254 00000054 T C3D_ProcTexBind
001062a8 0000005c T C3D_ProcTexLutBind
00106304 000000a4 T ProcTexLut_FromArray
001063a8 00000178 T C3Di_ProcTexUpdate
00106520 00000068 T C3Di_ProcTexDirty
00106588 0000004c t onVBlank0
001065d4 0000004c t onVBlank1
00106620 00000080 t C3Di_RenderTargetDestroy
001066a0 000000f4 t onQueueFinish
00106794 00000038 T C3Di_RenderQueueEnableVBlank
001067cc 00000030 T C3Di_RenderQueueDisableVBlank
001067fc 00000060 T C3Di_RenderQueueInit
0010685c 000000b4 T C3Di_RenderQueueExit
00106910 00000034 T C3Di_RenderQueueWaitDone
00106944 000000e8 T C3D_FrameBegin
00106a2c 00000048 T C3D_FrameDrawOn
00106a74 00000058 T C3D_FrameSplit
00106acc 000001d0 T C3D_FrameEnd
00106c9c 0000001c T C3D_FrameEndHook
00106cb8 00000170 T C3D_RenderTargetCreate
00106e28 000000a8 T C3D_RenderTargetSetOutput
00106ed0 000000fc T C3D_SyncTextureCopy
00106fcc 000003d8 t Tex3DSi_ImportCommon
001073a4 00000038 T Tex3DS_TextureImportStdio
001073dc 0000001c T Tex3DS_GetSubTexture
001073f8 00000004 T Tex3DS_TextureFree
001073fc 00000034 T C3D_GetTexEnv
00107430 00000024 T C3Di_TexEnvBind
00107454 00000290 T C3D_TexInitWithParams
001076e4 000000c8 T C3D_TexLoadImage
001077ac 00000044 T C3D_TexBind
001077f0 00000074 T C3D_TexDelete
00107864 0000014c T C3Di_SetTex
001079b0 00000290 T C3D_UpdateUniforms
00107c40 000000c0 T C3Di_DirtyUniforms
00107d00 000000d8 T C3Di_LoadShaderUniforms
00107dd8 00000028 T C3Di_ClearShaderUniforms
00107e00 000000cc T Mtx_Ortho
00107ecc 000000cc T Mtx_OrthoTilt
00107f98 00000024 t addrMapNodeComparator(rbtree_node const*, rbtree_node const*)
00107fbc 00000004 t addrMapNodeDestructor(rbtree_node*)
00107fc0 0000012c T linearMemAlign
001080ec 00000008 T linearAlloc
001080f4 0000005c T linearFree
00108150 00000088 T MemPool::CoalesceRight(MemBlock*)
001081d8 00000178 T MemPool::Allocate(MemChunk&, unsigned long, int)
00108350 00000118 T MemPool::Deallocate(MemChunk const&)
00108468 00000030 T MemPool::GetFreeSpace()
00108498 00000024 t addrMapNodeComparator(rbtree_node const*, rbtree_node const*)
001084bc 00000004 t addrMapNodeDestructor(rbtree_node*)
001084c0 00000248 T vramMemAlignAt
00108708 0000000c T vramAlloc
00108714 0000000c T vramAllocAt
00108720 00000094 T vramFree
001087b4 0000009c T fontEnsureMapped
00108850 0000007c T fontFixPointers
001088cc 00000100 T fontGlyphIndexFromCodePoint
001089cc 00000214 T fontCalcGlyphPos
00108be0 000000cc t gfxPresentFramebuffer
00108cac 0000001c T gfxIsWide
00108cc8 000000f8 T gfxSetScreenFormat
00108dc0 000000d8 T gfxInit
00108e98 00000010 T gfxInitDefault
00108ea8 000000b8 T gfxExit
00108f60 000000a0 T gfxGetFramebuffer
00109000 00000028 T gfxScreenSwapBuffers
00109028 00000074 T osConvertVirtToPhys
0010909c 00000054 T osGetTimeRef
001090f0 000000ec T osGetTime
001091dc 00000034 T __ctru_speedup_config
00109210 00000008 t romfs_close
00109218 000000ac t romfs_seek
001092c4 00000024 t romfs_dirreset
001092e8 000000c0 t fill_dir
001093a8 000002ac t romfs_dirnext
00109654 00000074 t romfs_free
001096c8 000000d0 t searchForFile.constprop.0
00109798 000000d4 t searchForDir.constprop.0
0010986c 000001c0 t navigateToDir.constprop.0
00109a2c 00000114 t romfs_open
00109b40 0000004c t romfs_chdir
00109b8c 00000068 t romfs_diropen
00109bf4 00000178 t romfs_stat
00109d6c 00000008 t romfs_dirclose
00109d78 0000007c t romfs_fstat
00109df4 000000d0 t romfs_read
00109ec4 00000294 T romfsMountFromFile
0010a158 00000098 T romfsMountFromCurrentProcess
0010a1f0 00000258 T romfsMountSelf
0010a448 000000ac T romfsMountFromTitle
0010a4f4 000000a0 T romfsUnmount
0010a594 0000013c T GPUCMD_Add
0010a6d0 000000b0 T GPUCMD_Split
0010a780 00000034 T f32tof16
0010a7b4 00000034 T f32tof24
0010a7e8 00000038 T f32tof31
0010a820 00000010 T GX_BindQueue
0010a830 0000007c T GX_ProcessCommandList
0010a8ac 00000074 T GX_MemoryFill
0010a920 00000074 T GX_DisplayTransfer
0010a994 00000078 T GX_TextureCopy
0010aa0c 00000064 t gxCmdQueueDoCommands.part.0
0010aa70 000000e4 T gxCmdQueueInterrupt
0010ab54 00000068 T gxCmdQueueClear
0010abbc 00000108 T gxCmdQueueAdd
0010acc4 00000080 T gxCmdQueueRun
0010ad44 00000064 T gxCmdQueueStop
0010ada8 000000ac T gxCmdQueueWait
0010ae54 000001e0 T shaderInstanceInit
0010b034 00000018 T shaderInstanceGetUniformLocation
0010b04c 0000001c T shaderProgramInit
0010b068 00000074 T shaderProgramFree
0010b0dc 00000094 T shaderProgramSetVsh
0010b170 000008d0 T shaderProgramConfigure
0010ba40 000001dc t DVLE_GenerateOutmap.part.0
0010bc1c 000001ac T DVLB_ParseFile
0010bdc8 00000050 T DVLB_Free
0010be18 00000074 T DVLE_GetUniformRegister
0010be8c 00000158 t ndspUpdateMaster
0010bfe8 00000108 t ndspFinalize
0010c0f0 0000025c t ndspInitialize.part.0
0010c34c 00000108 t ndspHookCallback
0010c458 00000318 t ndspThreadMain
0010c770 000003f0 T ndspInit
0010cb60 000000d8 T ndspExit
0010cc38 000000e0 T ndspChnReset
0010cd18 00000040 T ndspiInitChn
0010cd58 0000002c T ndspiDirtyChn
0010cd84 0000043c T ndspiUpdateChn
0010d1c0 00000180 T ndspiReadChnState
0010d340 00000180 t aptConvertScreenForCapture
0010d4c0 00000138 T aptSendCommand
0010d5f8 00000044 t aptExitProcess
0010d63c 00000394 T aptExit
0010d9d0 000000d8 T aptHandleSleep
0010daa8 00000034 T aptHook
0010dadc 00000030 T aptUnhook
0010db0c 00000084 T APT_SleepIfShellClosed
0010db90 00000078 T aptSetSleepAllowed
0010dc08 00000084 T APT_UnlockTransition
0010dc90 00000470 t aptEventHandler
0010e100 000000bc T APT_ReceiveParameter
0010e1bc 000000b0 t aptReceiveParameter.constprop.0
0010e270 00000294 t aptScreenTransfer
0010e504 000002d0 t aptWaitForWakeUp.isra.0
0010e7d4 000000f4 T aptJumpToHomeMenu
0010e8c8 00000058 T aptMainLoop
0010e920 00000240 T aptInit
0010eb60 00000090 T APT_CheckNew3DS
0010ebf0 00000048 T APT_GetSharedFont
0010ec38 000000a8 T cfguInit
0010ece0 0000003c T cfguExit
0010ed1c 00000038 T CFGU_SecureInfoGetRegion
0010ed54 0000004c T CFGU_GetConfigInfoBlk2
0010eda0 000000a4 t DSP_LoadComponent.part.0
0010ee44 000000fc T dspInit
0010ef40 0000008c T dspExit
0010efcc 00000024 T dspHook
0010eff0 00000030 T dspUnhook
0010f020 000000b4 T aptDspSleep
0010f0d4 000000b4 T aptDspWakeup
0010f188 00000044 T aptDspCancel
0010f1cc 00000034 T DSP_SetSemaphore
0010f200 00000034 T DSP_SetSemaphoreMask
0010f234 00000038 T DSP_GetSemaphoreHandle
0010f26c 0000003c T DSP_LoadComponent
0010f2a8 00000044 T DSP_RegisterInterruptEvents
0010f2ec 00000078 T DSP_ReadPipeIfPossible
0010f364 0000004c T DSP_WriteProcessPipe
0010f3b0 00000044 T DSP_ConvertProcessAddressFromDspDram
0010f3f4 00000044 T DSP_RecvData
0010f438 00000050 T DSP_RecvDataIsReady
0010f488 00000104 T fsInit
0010f58c 0000003c T fsExit
0010f5c8 00000068 T fsExemptFromSession
0010f630 00000050 T fsUnexemptFromSession
0010f680 000000cc T FSUSER_OpenFile
0010f74c 000000cc T FSUSER_OpenFileDirectly
0010f818 000000b8 T FSUSER_DeleteFile
0010f8d0 000000f4 T FSUSER_RenameFile
0010f9c4 000000b8 T FSUSER_DeleteDirectory
0010fa7c 000000d0 T FSUSER_CreateFile
0010fb4c 000000c0 T FSUSER_CreateDirectory
0010fc0c 000000f4 T FSUSER_RenameDirectory
0010fd00 000000b4 T FSUSER_OpenDirectory
0010fdb4 00000090 T FSUSER_OpenArchive
0010fe44 0000008c T FSUSER_CloseArchive
0010fed0 00000074 T FSUSER_GetSdmcArchiveResource
0010ff44 00000064 T FSUSER_IsSdmcWritable
0010ffa8 00000064 T FSFILE_Read
0011000c 0000006c T FSFILE_Write
00110078 00000044 T FSFILE_GetSize
001100bc 00000028 T FSFILE_SetSize
001100e4 0000003c T FSFILE_Close
00110120 00000024 T FSFILE_Flush
00110144 00000060 T FSDIR_Read
001101a4 0000003c T FSDIR_Close
001101e0 00000c70 t gspHardwareInit
00110e50 00000288 T gspInit
001110d8 00000104 T gspExit
001111dc 00000010 T gspHasGpuRight
001111ec 000000a4 T gspPresentBuffer
00111290 00000030 T gspSetEventCallback
001112c0 00000050 T gspWaitForEvent
00111310 0000004c T gspWaitForAnyEvent
0011135c 00000154 t gspEventThreadMain
001114b0 0000012c T gspSubmitGxCommand
001115dc 00000050 T GSPGPU_FlushDataCache
0011162c 00000034 T GSPGPU_SetLcdForceBlack
00111660 00000084 T GSPGPU_AcquireRight
001116e4 00000064 T GSPGPU_ReleaseRight
00111748 0000007c T GSPGPU_ImportDisplayCaptureInfo
001117c4 0000002c T GSPGPU_SaveVramSysArea
001117f0 0000002c T GSPGPU_RestoreVramSysArea
0011181c 00000024 W hidShouldUseIrrst
00111840 000001cc T hidInit
00111a0c 000000e8 T hidExit
00111af4 000002a0 T hidScanInput
00111d94 00000010 T hidKeysDown
00111da4 000001a4 T irrstInit
00111f48 000000dc T irrstExit
00112024 000000b4 T irrstScanInput
001120d8 00000024 T irrstKeysHeld
001120fc 00000078 T ptmSysmInit
00112174 0000003c T ptmSysmExit
001121b0 00000034 T PTMSYSM_ConfigureNew3DSCPU
001121e4 000000e0 t buffer_read
001122c4 000000cc t iov_read
00112390 00000164 t iov_memmove
001124f4 000001e0 t decompress_rle
001126d4 00000264 t decompress_lzss
00112938 00000418 t decompress_lz11
00112d50 0000033c t decompress_huff.isra.0
0011308c 00000010 T decompressCallback_Stdio
0011309c 000000e4 T decompressHeader
00113180 0000021c T decompressV
0011339c 00000110 T decompressV_LZ11
001134ac 00000074 T rbtree_find
00113520 00000010 T rbtree_init
00113530 00000198 t do_insert
001136c8 00000008 T rbtree_insert
001136d0 00000310 T rbtree_remove
001139e0 00000090 T rbtree_rotate
00113a70 00000140 T decode_utf8
00113bb0 000000e8 T utf16_to_utf8
00113c98 000000c0 T utf8_to_utf16
00113d58 000001e8 W __system_allocateHeaps
00113f40 00000038 W __libctru_init
00113f78 0000016c W __system_initArgv
001140e4 00000030 T __syscall_getreent
00114114 00000064 T __syscall_gettod_r
00114178 00000004 T __syscall_lock_acquire
0011417c 00000004 T __syscall_lock_release
00114180 00000004 T __syscall_lock_acquire_recursive
00114184 00000004 T __syscall_lock_release_recursive
00114188 00000004 T __syscall_exit
0011418c 00000054 T initThreadVars
001141e0 00000080 T __system_initSyscalls
00114260 T svcControlMemory
00114280 T svcQueryMemory
001142b0 T svcExitProcess
001142b8 T svcCreateThread
001142d8 T svcExitThread
001142e0 T svcSleepThread
001142e8 T svcReleaseMutex
001142f0 T svcCreateEvent
00114304 T svcSignalEvent
0011430c T svcClearEvent
00114314 T svcMapMemoryBlock
0011431c T svcUnmapMemoryBlock
00114324 T svcCreateAddressArbiter
00114338 T svcArbitrateAddressNoTimeout
00114340 T svcCloseHandle
00114348 T svcWaitSynchronization
00114350 T svcWaitSynchronizationN
00114378 T svcDuplicateHandle
0011438c T svcGetSystemTick
00114394 T svcConnectToPort
001143a8 T svcSendSyncRequest
001143b0 T svcGetResourceLimit
001143c4 T svcGetResourceLimitLimitValues
001143cc T svcGetResourceLimitCurrentValues
001143d4 T svcBreak
001143dc T __aeabi_read_tp
001143e8 W initSystem
00114438 W __ctru_exit
0011444c 0000008c W envGetHandle
001144d8 00000050 W envDestroyHandles
00114528 00000164 T srvInit
0011468c 00000064 T srvExit
001146f0 00000060 T srvEnableNotification
00114750 000000a0 T srvGetServiceHandleDirect
001147f0 00000048 T srvGetServiceHandle
00114838 00000034 T srvSubscribe
0011486c 00000060 T srvReceiveNotification
001148cc 00000038 T srvPublishToSubscriber
00114904 0000000c T __sync_init
00114910 00000018 T __sync_fini
00114928 00000028 T syncArbitrateAddress
00114950 0000001c T LightLock_Init
0011496c 000000ac T LightLock_Lock
00114a18 00000040 T LightLock_Unlock
00114a58 00000054 T RecursiveLock_Lock
00114aac 00000054 T RecursiveLock_Unlock
00114b00 00000044 T LightEvent_Init
00114b44 000000b8 T LightEvent_Clear
00114bfc 000000dc T LightEvent_Signal
00114cd8 00000050 T LightEvent_TryWait
00114d28 000000ac T LightEvent_Wait
00114dd4 000001fc T threadCreate
00114fd0 00000038 T threadFree
00115008 00000024 T threadJoin
0011502c 00000030 T threadGetCurrent
0011505c 00000040 T threadExit
0011509c 00000020 t _thread_begin
001150bc 00000090 t mappableFindAddressWithin
0011514c 00000028 T mappableInit
00115174 0000007c T mappableAlloc
001151f0 00000004 T mappableFree
001151f4 0000000c T srvPmGetSessionHandle
00115200 00000060 T rbtree_node_next
00115260 00000054 T decode_utf16
001152b4 00000054 T encode_utf16
00115308 000000e0 T encode_utf8
001153e8 00000030 W __appExit
00115418 00000030 W __appInit
00115448 00000090 W __libctru_exit
001154d8 00000024 t error_cmp
001154fc 00000050 t archive_translate_error
0011554c 000000c0 t archive_seek
0011560c 00000078 t _archiveInit.part.0
00115684 00000110 t archiveFindDevice.part.0
00115794 00000298 t archive_utf16path
00115a2c 00000098 t _archiveUnmountDeviceStruct.part.0
00115ac4 00000178 t _archiveMountDevice
00115c3c 000000f8 t archive_diropen
00115d34 000000ac t archive_fstat
00115de0 00000074 t archive_fsync
00115e54 00000074 t archive_close
00115ec8 00000078 t archive_dirclose
00115f40 000000ec t sdmc_statvfs
0011602c 000000f8 t archive_chdir
00116124 0000008c t archive_ftruncate
001161b0 000000bc t archive_read
0011626c 000000a8 t archive_unlink
00116314 000000c0 t archive_rmdir
001163d4 000000d8 t archive_mkdir
001164ac 000001a0 t archive_stat
0011664c 00000164 t archive_dirnext
001167b0 0000013c t archive_write
001168f0 00000254 t archive_open
00116b44 00000270 t archive_rename
00116db4 000001c8 T archiveMountSdmc
00116f7c 00000054 T archiveUnmountAll
00116fd0 00000004 T operator delete(void*)
00116fd4 00000040 T std::__throw_logic_error(char const*)
00117014 00000040 T std::__throw_length_error(char const*)
00117054 00000054 W std::__cxx11::basic_string<char, std::char_traits<char>, std::allocator<char> >::_M_create(unsigned int&, unsigned int)
001170a8 0000000c T std::bad_alloc::what() const
001170b4 00000020 T std::bad_alloc::~bad_alloc()
001170b4 00000020 T std::bad_alloc::~bad_alloc()
001170d4 0000002c T std::bad_alloc::~bad_alloc()
00117100 00000004 T operator delete(void*, unsigned int)
00117104 0000000c W __gnu_cxx::__concurrence_lock_error::what() const
00117110 0000000c W __gnu_cxx::__concurrence_unlock_error::what() const
0011711c 00000020 W __gnu_cxx::__concurrence_lock_error::~__concurrence_lock_error()
0011711c 00000020 W __gnu_cxx::__concurrence_lock_error::~__concurrence_lock_error()
0011713c 0000002c W __gnu_cxx::__concurrence_lock_error::~__concurrence_lock_error()
00117168 00000020 W __gnu_cxx::__concurrence_unlock_error::~__concurrence_unlock_error()
00117168 00000020 W __gnu_cxx::__concurrence_unlock_error::~__concurrence_unlock_error()
00117188 0000002c W __gnu_cxx::__concurrence_unlock_error::~__concurrence_unlock_error()
001171b4 0000002c W __gnu_cxx::__throw_concurrence_lock_error()
001171e0 0000002c W __gnu_cxx::__throw_concurrence_unlock_error()
0011720c 00000100 t (anonymous namespace)::pool::free(void*) [clone .constprop.0]
0011730c 000000c0 t (anonymous namespace)::pool::allocate(unsigned int) [clone .constprop.0]
001173cc 00000044 T __cxa_allocate_exception
00117410 00000028 T __cxa_free_exception
00117438 000001a4 t _GLOBAL__sub_I__ZN9__gnu_cxx9__freeresEv
001175dc 00000018 t _GLOBAL__sub_D__ZN9__gnu_cxx9__freeresEv
001175f4 T __cxa_end_cleanup
00117604 00000138 T __cxa_type_match
0011773c 000000b4 T __cxa_begin_cleanup
001177f0 000000b4 T __gnu_end_cleanup
001178a4 000000e0 T __cxa_begin_catch
00117984 000000e0 T __cxa_end_catch
00117a64 00000004 T std::exception::~exception()
00117a64 00000004 T std::exception::~exception()
00117a68 00000004 T std::bad_exception::~bad_exception()
00117a68 00000004 T std::bad_exception::~bad_exception()
00117a6c 0000000c T transaction clone for std::bad_exception::what() const
00117a6c 0000000c T std::bad_exception::what() const
00117a78 00000020 T std::bad_exception::~bad_exception()
00117a98 00000038 t eh_globals_dtor(void*)
00117ad0 00000038 T __cxa_get_globals_fast
00117b08 00000090 T __cxa_get_globals
00117b98 00000030 t _GLOBAL__sub_I__ZN17__eh_globals_init7_S_initE
00117bc8 00000034 t _GLOBAL__sub_D__ZN17__eh_globals_init7_S_initE
00117bfc 00000150 t read_encoded_value_with_base(unsigned char, unsigned int, unsigned char const*, unsigned int*)
00117d4c 0000005c t base_of_encoded_value(unsigned char, _Unwind_Context*)
00117da8 000000f0 t parse_lsda_header(_Unwind_Context*, unsigned char const*, lsda_header_info*)
00117e98 000006c8 T __gxx_personality_v0
00118560 00000014 T __cxxabiv1::__terminate(void (*)())
00118574 00000018 T std::terminate()
0011858c 0000000c T __cxxabiv1::__unexpected(void (*)())
00118598 00000018 T std::unexpected()
001185b0 00000014 T std::get_terminate()
001185c4 00000014 T std::get_unexpected()
001185d8 00000070 t __gxx_exception_cleanup(_Unwind_Reason_Code, _Unwind_Control_Block*)
00118648 00000054 T __cxa_init_primary_exception
0011869c 00000054 T __cxa_throw
001186f0 000000b0 T __cxa_rethrow
001187a0 0000005c T operator new(unsigned int)
001187fc 00000020 T __cxxabiv1::__si_class_type_info::~__si_class_type_info()
001187fc 00000020 T __cxxabiv1::__si_class_type_info::~__si_class_type_info()
0011881c 0000002c T __cxxabiv1::__si_class_type_info::~__si_class_type_info()
00118848 0000006c T __cxxabiv1::__si_class_type_info::__do_find_public_src(int, void const*, __cxxabiv1::__class_type_info const*, void const*) const
001188b4 000000e4 T __cxxabiv1::__si_class_type_info::__do_dyncast(int, __cxxabiv1::__class_type_info::__sub_kind, __cxxabiv1::__class_type_info const*, void const*, __cxxabiv1::__class_type_info const*, void const*, __cxxabiv1::__class_type_info::__dyncast_result&) const
00118998 00000044 T __cxxabiv1::__si_class_type_info::__do_upcast(__cxxabiv1::__class_type_info const*, void const*, __cxxabiv1::__class_type_info::__upcast_result&) const
001189dc 00000004 T std::type_info::~type_info()
001189dc 00000004 T std::type_info::~type_info()
001189e0 00000008 T std::type_info::__is_pointer_p() const
001189e0 00000008 T std::type_info::__is_function_p() const
001189e8 0000004c T std::type_info::__equal(std::type_info const&) const
001189e8 0000004c T std::type_info::operator==(std::type_info const&) const
00118a34 00000008 T std::logic_error::what() const
00118a34 00000008 T std::runtime_error::what() const
00118a3c 00000078 T std::logic_error::~logic_error()
00118a3c 00000078 T std::logic_error::~logic_error()
00118ab4 00000078 T std::length_error::~length_error()
00118ab4 00000078 T std::length_error::~length_error()
00118b2c 00000080 T std::logic_error::~logic_error()
00118bac 00000080 T std::length_error::~length_error()
00118c2c 000000d8 T std::logic_error::logic_error(char const*)
00118c2c 000000d8 T std::logic_error::logic_error(char const*)
00118d04 00000020 T std::length_error::length_error(char const*)
00118d04 00000020 T std::length_error::length_error(char const*)
00118d24 00000088 W std::string::_Rep::_S_create(unsigned int, unsigned int, std::allocator<char> const&)
00118dac 00000004 W std::string::_Rep::_M_destroy(std::allocator<char> const&)
00118db0 0000005c T __cxxabiv1::__class_type_info::__do_upcast(__cxxabiv1::__class_type_info const*, void**) const
00118e0c 00000014 T __cxxabiv1::__class_type_info::__do_find_public_src(int, void const*, __cxxabiv1::__class_type_info const*, void const*) const
00118e20 00000020 T __cxxabiv1::__class_type_info::~__class_type_info()
00118e20 00000020 T __cxxabiv1::__class_type_info::~__class_type_info()
00118e40 0000002c T __cxxabiv1::__class_type_info::~__class_type_info()
00118e6c 00000084 T __cxxabiv1::__class_type_info::__do_dyncast(int, __cxxabiv1::__class_type_info::__sub_kind, __cxxabiv1::__class_type_info const*, void const*, __cxxabiv1::__class_type_info const*, void const*, __cxxabiv1::__class_type_info::__dyncast_result&) const
00118ef0 00000038 T __cxxabiv1::__class_type_info::__do_upcast(__cxxabiv1::__class_type_info const*, void const*, __cxxabiv1::__class_type_info::__upcast_result&) const
00118f28 00000044 T __cxxabiv1::__class_type_info::__do_catch(std::type_info const*, void**, unsigned int) const
00118f6c 00000070 t __cxxabiv1::__is_gxx_exception_class(char*)
00118fdc 0000002c T __cxa_call_terminate
00119008 00000148 T __cxa_call_unexpected
00119150 00000014 T std::get_new_handler()
00119168 00000264 T sinf
001193cc 00000024 t with_errnof
001193f0 0000001c T __math_invalidf
0011940c 000000c0 T ceilf
001194d0 0000025c T cosf
0011972c 00000130 T __udivmoddi4
0011985c 00000018 t selfrel_offset31
00119874 00000090 t search_EIT_table
00119904 00000040 t __gnu_unwind_get_pr_addr
00119944 00000110 t get_eit_entry
00119a54 00000088 t restore_non_core_regs
00119adc 00000014 t _Unwind_decode_typeinfo_ptr.constprop.0
00119af0 00000004 t _Unwind_DebugHook
00119af4 00000064 t unwind_phase2
00119b58 0000013c t unwind_phase2_forced
00119c94 000000a4 T __gnu_Unwind_RaiseException
00119d38 00000020 T __gnu_Unwind_ForcedUnwind
00119d58 00000074 T __gnu_Unwind_Resume
00119dcc 00000020 T __gnu_Unwind_Resume_or_Rethrow
00119dec 00000004 T _Unwind_Complete
00119df0 00000018 T _Unwind_DeleteException
00119e08 00000064 T _Unwind_VRS_Get
00119e6c 0000002c t _Unwind_GetGR
00119e98 00000064 T _Unwind_VRS_Set
00119efc 0000002c t _Unwind_SetGR
00119f28 000000c0 T __gnu_Unwind_Backtrace
00119fe8 0000040c t __gnu_unwind_pr_common
0011a3f4 00000008 T __aeabi_unwind_cpp_pr0
0011a3fc 00000008 W __aeabi_unwind_cpp_pr1
0011a404 00000008 W __aeabi_unwind_cpp_pr2
0011a40c 00000458 T _Unwind_VRS_Pop
0011a864 00000064 t next_unwind_byte
0011a8c8 0000002c t _Unwind_GetGR.constprop.0
0011a8f4 00000004 t unwind_UCB_from_context
0011a8f8 00000464 T __gnu_unwind_execute
0011ad5c 00000048 T __gnu_unwind_frame
0011ada4 00000010 T _Unwind_GetRegionStart
0011adb4 0000001c T _Unwind_GetLanguageSpecificData
0011add0 00000008 T _Unwind_GetDataRelBase
0011add8 00000008 T _Unwind_GetTextRelBase
0011ade0 000000e4 T strncat
0011aec4 00000034 T ftell
0011aef8 00000024 T getenv
0011af1c 00000128 T memcpy
0011b044 0000008c T strlen
0011b0d0 00000334 T _fread_r
0011b404 00000038 T fread
0011b43c 00000078 T bsearch
0011b4b4 00000134 T _fopen_r
0011b5e8 00000028 T fopen
0011b610 00000028 T memalign
0011b638 000001ec t _strtoul_l.isra.0
0011b824 0000003c T strtoul
0011b860 00000140 T strchr
0011b9a0 000000d8 T memcmp
0011ba78 00000028 T calloc
0011baa0 0000016c T _memalign_r
0011bc0c 0000000c T __errno
0011bc18 00000014 T abort
0011bc2c 00000164 T __smakebuf_r
0011bd90 00000090 T __swhatbuf_r
0011be20 000000e4 T memset
0011bf04 000000d8 T _calloc_r
0011bfdc 0000022c T __sflush_r
0011c208 000000c4 T _fflush_r
0011c2cc 000008e8 T qsort
0011cbb4 000001c4 T _ftello_r
0011cd78 0000082c T _malloc_r
0011d5a4 00000114 T _malloc_trim_r
0011d6b8 00000314 T _free_r
0011d9cc 00000294 T setvbuf
0011dc60 0000001c t stdio_exit_handler
0011dc7c 0000005c t cleanup_stdio
0011dcd8 00000154 t global_stdio_init.part.0
0011de2c 00000138 T __sfp
0011df64 0000005c T __sinit
0011dfc0 0000000c T __sfp_lock_acquire
0011dfcc 0000000c T __sfp_lock_release
0011dfd8 00000084 T __libc_init_array
0011e05c 000000d4 T strncpy
0011e130 0000001c T _fseek_r
0011e14c 00000034 T fseek
0011e180 00000040 T malloc
0011e1c0 00000020 T free
0011e1e0 000000dc T _findenv_r
0011e2bc 00000044 T __sread
0011e300 00000068 T __swrite
0011e368 00000040 T __sseek
0011e3a8 00000008 T __sclose
0011e3b0 0000000c T __malloc_lock
0011e3bc 0000000c T __malloc_unlock
0011e3c8 00000588 T _fseeko_r
0011e950 00000148 T _fclose_r
0011ea98 00000020 T fclose
0011eab8 00000048 T time
0011eb00 00000004 W __call_exitprocs
0011eb04 00000030 T exit
0011eb34 000000b8 T __sflags
0011ebec 0000003c T __libc_fini_array
0011ec28 0000003c T strnlen
0011ec64 0000002c T rewind
0011ec90 000000d8 T strncmp
0011ed68 00000038 t lflush
0011eda0 000001a8 T __srefill_r
0011ef48 0000000c T __env_lock
0011ef54 0000000c T __env_unlock
0011ef60 00000070 T _fwalk_sglue
0011efd0 0000009c T _raise_r
0011f06c 00000020 T raise
0011f08c 00000020 T _exit
0011f0ac 00000140 T chdir
0011f1ec 000001c8 T _concatenate_path
0011f3b4 0000009c T _fstat_r
0011f450 00000014 T _getpid_r
0011f464 0000002c T __getreent
0011f490 00000030 T _gettimeofday_r
0011f4c0 000000a0 T __release_handle
0011f560 000000b0 T __alloc_handle
0011f610 00000058 T __get_handle
0011f668 00000110 T _close_r
0011f778 00000008 t null_write
0011f780 00000018 T setDefaultDevice
0011f798 00000098 T FindDevice
0011f830 00000024 T RemoveDevice
0011f854 00000088 T AddDevice
0011f8dc 00000020 T GetDeviceOpTab
0011f8fc 00000008 T _isatty_r
0011f904 00000014 T _kill_r
0011f918 00000094 T _lseek_r
0011f9ac 00000060 T pthread_mutex_lock
0011fa0c 00000060 T pthread_mutex_unlock
0011fa6c 00000034 T pthread_key_create
0011faa0 00000024 T pthread_setspecific
0011fac4 00000024 T pthread_getspecific
0011fae8 00000024 T pthread_key_delete
0011fb0c 000000c0 T _open_r
0011fbcc 00000094 T _read_r
0011fc60 00000078 W _sbrk_r
0011fcd8 0000001c T __libc_lock_acquire
0011fcf4 0000001c T __libc_lock_release
0011fd10 0000001c T __libc_lock_acquire_recursive
0011fd2c 0000001c T __libc_lock_release_recursive
0011fd48 00000094 T _write_r
0011fddc 00000048 T strrchr
0011fe24 T _fini
00120000 00000008 r s_defaultTint.0
00120008 00000010 r C2Di_FontPaths
001200b0 r .LC0
001200f0 r .LC2
00120150 r .LC8
00120178 r .LC9
0012040c R render2d_shbin
00120598 00000004 r depthFmtSizes
00120598 R render2d_shbin_end
0012059c 00000005 r colorFmtSizes
001205a4 00000010 r CSWTCH.11
001205b4 00000038 r CSWTCH.19
001205ec 00000080 r romFS_devoptab
00120678 00000011 r dsp_filename.0
001206a8 00000008 r morton_y.2
001206b0 00000008 r morton_x.3
001206b8 00000008 r s_sleepWakeEvents.4
001206c0 0000000c r serviceNameTable.5
001206f0 00000030 r error_table
00120720 00000080 r archive_devoptab
001207a0 0000000d R typeinfo name for std::bad_alloc
001207b0 0000000c R typeinfo for std::bad_alloc
001207bc 00000014 R vtable for std::bad_alloc
001207d0 00000027 V typeinfo name for __gnu_cxx::__concurrence_lock_error
001207f8 0000000c V typeinfo for __gnu_cxx::__concurrence_lock_error
00120804 00000029 V typeinfo name for __gnu_cxx::__concurrence_unlock_error
00120830 0000000c V typeinfo for __gnu_cxx::__concurrence_unlock_error
0012083c 00000014 V vtable for __gnu_cxx::__concurrence_lock_error
00120850 00000014 V vtable for __gnu_cxx::__concurrence_unlock_error
00120864 0000000d R typeinfo name for std::exception
00120874 00000008 R typeinfo for std::exception
0012087c 00000012 R typeinfo name for std::bad_exception
00120890 0000000c R typeinfo for std::bad_exception
0012089c 00000020 R typeinfo name for __cxxabiv1::__forced_unwind
001208bc 00000008 R typeinfo for __cxxabiv1::__forced_unwind
001208c4 00000024 R typeinfo name for __cxxabiv1::__foreign_exception
001208e8 00000008 R typeinfo for __cxxabiv1::__foreign_exception
001208f0 00000014 R vtable for std::bad_exception
00120918 00000025 R typeinfo name for __cxxabiv1::__si_class_type_info
00120940 0000000c R typeinfo for __cxxabiv1::__si_class_type_info
0012094c 0000002c R vtable for __cxxabiv1::__si_class_type_info
00120978 0000000d R typeinfo name for std::type_info
00120988 00000008 R typeinfo for std::type_info
00120990 00000010 R typeinfo name for std::logic_error
001209a0 0000000c R typeinfo for std::logic_error
001209ac 00000011 R typeinfo name for std::length_error
001209c0 0000000c R typeinfo for std::length_error
001209cc 00000014 R vtable for std::logic_error
001209e0 00000014 R vtable for std::length_error
001209f4 00000022 R typeinfo name for __cxxabiv1::__class_type_info
00120a18 0000000c R typeinfo for __cxxabiv1::__class_type_info
00120a24 0000002c R vtable for __cxxabiv1::__class_type_info
00120a50 00000060 R __inv_pio4
00120ab0 000000e0 R __sincosf_table
00120ba8 00000101 R _ctype_
00120cac 00000080 R dotab_stdnull
00120d2c R __tdata_align
00120d30 r __EH_FRAME_BEGIN__
00120e1c R __exidx_start
00121004 R __exidx_end
00122000 00000008 d framerateCounter
00122008 00000004 d framerate
0012200c 00000004 d queueLock
00122010 00000004 d aptChainloadDeliverArgSize
00122014 00000004 d kCount
00122018 00000004 d kInterval
0012201c 00000004 d kDelay
00122020 W __stacksize__
00122024 00000004 D __cxxabiv1::__unexpected_handler
00122028 00000004 D __cxxabiv1::__terminate_handler
0012202c 00000004 D _impure_ptr
00122030 00000200 D _impure_data
00122230 00000004 D __malloc_sbrk_base
00122234 00000004 D __malloc_trim_threshold
00122238 00000408 D __malloc_av_
00122640 0000000c D __sglue
0012264c 00000004 D environ
00122650 00000400 d _current_working_directory
00122a50 00001000 d handles
00123a50 0000000c d __stderr_handle
00123a5c 0000000c d __stdout_handle
00123a68 0000000c d __stdin_handle
00123a74 0000008c D devoptab_list
00123b00 00000004 d defaultDevice
00123b0c d _GLOBAL_OFFSET_TABLE_
00123b18 d __frame_dummy_init_array_entry
00123b18 D __init_array_start
00123b18 B __preinit_array_end
00123b18 B __preinit_array_start
00123b18 D __tdata_lma
00123b18 D __tdata_lma_end
00123b24 d __do_global_dtors_aux_fini_array_entry
00123b24 D __fini_array_start
00123b24 D __init_array_end
00123b30 D __bss_start__
00123b30 D __fini_array_end
00123b30 00000070 b menuItems
00123ba0 00000001 b menuInitialized
00123ba4 00000008 b menuIconSheets
00123bac 00000004 b selectedOption
00123bb0 00000001 b currentState
00123bb1 00000001 b pongPlaceholderInitialized
00123bb4 00000004 B numParticles
00123bb8 00000004 B StaticTextBuffer
00123bbc 00000004 B font
00123bc0 000000a0 B Text
00123c60 0000002c B ball
00123c8c 0000003c B cpu
00123cc8 0000002c B player
00123cf4 0000000c B gameManager
00123d00 00000004 B opScore
00123d04 00000004 B yourScore
00123d08 00000004 B nateSS1
00123d0c 00000004 B nateSS2
00123d10 00000004 B nateSS3
00123d14 00000004 B spacSS1
00123d18 00000004 B spacSS2
00123d1c 00000004 B spacSS3
00123d20 00000001 B gameStarted
00123d21 00000001 B paused
00123d22 00000001 B nateState
00123d23 00000001 B spacState
00123d24 00000004 B animationFrame
00123d28 000012c0 B particles
00124fe8 00007800 B sprites
0012c7e8 000005a8 B __C2Di_Context
0012cd90 00000040 b s_projTop
0012cdd0 00000040 b s_projBot
0012ce10 00000004 b uLoc_mdlvMtx
0012ce14 00000004 b uLoc_projMtx
0012ce18 00000004 b s_glyphSheets
0012ce1c 00000004 b s_textScale
0012ce20 b completed.1
0012ce24 b object.0
0012ce3c 0000000c b hookCookie
0012ce48 000002d0 B __C3D_Context
0012d118 00000004 b frameEndCbData
0012d11c 00000004 b frameEndCb
0012d120 00000008 b frameCounter
0012d128 00000001 b isTopStereo
0012d129 00000001 b needSwapBot
0012d12a 00000001 b needSwapTop
0012d12b 00000001 b measureGpuTime
0012d12c 00000001 b inSafeTransfer
0012d12d 00000001 b inFrame
0012d130 00000010 b cpuTime
0012d140 00000010 b gpuTime
0012d150 0000000c b linkedTarget
0012d15c 00000004 b lastTarget
0012d160 00000004 b firstTarget
0012d164 00000008 b C3Di_IVUnifEverDirty
0012d16c 000000c0 b C3Di_FVUnifEverDirty
0012d22c 00000018 b C3Di_ShaderFVecData
0012d244 00000002 B C3D_BoolUnifsDirty
0012d248 00000008 B C3D_IVUnifDirty
0012d250 000000c0 B C3D_FVUnifDirty
0012d310 00000004 B C3D_BoolUnifs
0012d314 00000020 B C3D_IVUnif
0012d334 00000c00 B C3D_FVUnif
0012df38 00000008 b sLinearPool
0012df40 0000000c b sAddrMap
0012df50 00000008 b sVramPoolB
0012df58 00000008 b sVramPoolA
0012df60 0000000c b sAddrMap
0012df6c 00000004 b sharedFontAddr
0012df70 00000004 B g_sharedFont
0012df74 00000004 b screenAlloc
0012df78 00000004 b screenFree
0012df7c 00000002 b gfxIsDoubleBuf
0012df80 00000002 b gfxCurBuf
0012df82 00000001 b gfxIsVram
0012df83 00000001 b gfxTopMode
0012df84 00000002 b gfxFramebufferFormats
0012df88 00000004 b gfxBottomFramebufferMaxSize
0012df8c 00000004 b gfxTopFramebufferMaxSize
0012df90 00000008 b gfxBottomFramebuffers
0012df98 00000008 b gfxTopFramebuffers
0012dfa0 00000001 V __ctru_speedup
0012dfa4 00000004 b romfs_mount_list
0012dfa8 00000004 V __romfs_path
0012dfac 00000004 B gpuCmdBufOffset
0012dfb0 00000004 B gpuCmdBufSize
0012dfb4 00000004 B gpuCmdBuf
0012dfb8 00000004 b boundQueue
0012dfbc 00000001 b shouldStop
0012dfbd 00000001 b isRunning
0012dfbe 00000001 b isActive
0012dfc0 00000004 b curQueue
0012dfc4 00000004 b ndspRefCount
0012dfc8 00000048 b ndspMaster
0012e010 00000004 b ndspThread
0012e014 00000001 b ndspThreadRun
0012e018 00001080 b dspVar5Backup
0012f098 00000004 b ndspMutex
0012f09c 00000008 b sleepEvent
0012f0a4 00000004 b dspSem
0012f0a8 00000004 b irqEvent
0012f0ac 00000008 b ndspHookCookie
0012f0b4 00000001 b componentFree
0012f0b6 00000002 b componentDataMask
0012f0b8 00000002 b componentProgMask
0012f0bc 00000004 b componentSize
0012f0c0 00000004 b componentBin
0012f0c4 00000004 b frameCount
0012f0c8 00000004 b droppedFrames
0012f0cc 00000001 b bCancelReceived
0012f0cd 00000001 b bSleeping
0012f0ce 00000001 b bEnteringSleep
0012f0cf 00000001 b bDspReady
0012f0d0 00000080 B ndspVars
0012f150 00000002 B ndspBufferId
0012f152 00000002 B ndspBufferCurId
0012f154 00000002 B ndspFrameId
0012f158 00000c60 b ndspChn
0012fdb8 00000001 b flagValue.0
0012fdb9 00000001 b flagInit.1
0012fdbc 00000004 b serviceName.6
0012fdc0 00000001 b aptChainloadFlags
0012fdc1 00000001 b aptChainloadMediatype
0012fdc4 00000020 b aptChainloadHmac
0012fde4 00000300 b aptChainloadDeliverArg
001300e8 00000008 b aptChainloadTid
001300f0 00001000 b aptParameters
001310f0 00000004 b aptFlags
001310f4 00000001 b aptHomeButtonState
001310f8 00000004 b aptMessageFuncData
001310fc 00000004 b aptMessageFunc
00131100 0000000c b aptFirstHook
0013110c 00000001 b aptEventHandlerThreadQuit
00131110 00000004 b aptEventHandlerThread
00131114 00000008 b aptSleepEvent
0013111c 00000008 b aptReceiveEvent
00131124 00000008 b aptEvents
0013112c 00000004 b aptLockHandle
00131130 00000004 b aptRefCount
00131134 00000004 b cfguRefCount
00131138 00000004 b cfguHandle
0013113c 00000002 b dspSavedCompDataMask
0013113e 00000002 b dspSavedCompProgMask
00131140 00000004 b dspSavedCompSize
00131144 00000004 b dspSavedCompBin
00131148 00000001 b dspSleeping
00131149 00000001 b dspComponentLoaded
0013114c 00000008 b dspFirstHook
00131154 00000004 b dspRefCount
00131158 00000004 b dspHandle
00131160 00000080 b fsExemptArchives
001311e0 00000004 b fsuRefCount
001311e4 00000004 b fsuHandle
001311e8 00000007 b gspEventCbOneShot
001311f0 0000001c b gspEventCbData
0013120c 0000001c b gspEventCb
00131228 00000038 b gspEvents
00131260 00000004 b gspLastEvent
00131264 00000001 b gspRunEvents
00131268 00000004 b gspEventThread
0013126c 00000004 b gspEvent
00131270 00000001 b gspGpuRight
00131271 00000001 b gspThreadId
00131274 00000004 b gspSharedMem
00131278 00000004 b gspSharedMemHandle
0013127c 00000004 b gspRefCount
00131280 00000004 b gspGpuHandle
00131284 00000001 b usingIrrst
00131288 00000004 b hidRefCount
0013128c 00000006 b gRate
00131294 00000006 b aVec
0013129c 00000004 b cPos
001312a0 00000004 b tPos
001312a4 00000004 b kRepeat
001312a8 00000004 b kUp
001312ac 00000004 b kDown
001312b0 00000004 b kHeld
001312b4 00000004 b kOld
001312b8 00000004 B hidSharedMem
001312bc 00000014 B hidEvents
001312d0 00000004 B hidMemHandle
001312d4 00000004 B hidHandle
001312d8 00000004 b irrstRefCount
001312dc 00000004 b csPos
001312e0 00000004 b kHeld
001312e4 00000004 B irrstSharedMem
001312e8 00000004 B irrstEvent
001312ec 00000004 B irrstMemHandle
001312f0 00000004 B irrstHandle
001312f4 00000004 b ptmSysmRefCount
001312f8 00000004 b ptmSysmHandle
001312fc 00000004 V __ctru_linear_heap_size
00131300 00000004 V __ctru_heap_size
00131304 00000004 B __ctru_linear_heap
00131308 00000004 B __ctru_heap
0013130c 00000004 B __system_retAddr
00131310 00000004 B __system_argv
00131314 00000004 B __system_argc
00131318 b saved_stack
00131320 00000004 B __3dslink_host
00131324 00000004 b srvRefCount
00131328 00000004 b srvHandle
0013132c 00000004 b arbiter
00131330 00000004 b currentAddr
00131334 00000004 b maxAddr
00131338 00000004 b minAddr
0013133c 00000004 b srvPmHandle
00131340 000005c0 b archive_devices
00131900 00000004 b archive_device_cwd
00131904 00000001 b archive_initialized
00131908 0000001c b (anonymous namespace)::emergency_pool
00131924 00000004 b init
00131928 00000001 B __eh_globals_init::_S_init
0013192c 0000000c b (anonymous namespace)::eh_globals
00131938 00000010 V std::string::_Rep::_S_empty_rep_storage
00131948 00000004 b (anonymous namespace)::__new_handler
0013194c 00000028 B __malloc_current_mallinfo
00131974 00000004 B __malloc_max_total_mem
00131978 00000004 B __malloc_max_sbrked_mem
0013197c 00000004 B __malloc_top_pad
00131980 0000000c b __sfp_recursive_mutex
00131990 00000168 B __sf
00131af8 00000004 B __stdio_exit_handler
00131afc 0000000c b __malloc_recursive_mutex
00131b08 0000000c b __env_recursive_mutex
00131b14 00000004 b initial_env
00131b18 00000400 b temp_cwd
00131f18 00000004 b __hndl_lock
00131f1c 00000004 B fake_heap_start
00131f20 00000004 B fake_heap_end
00131f24 00000004 b heap_start.0
00131f28 B __tls_start
00132b30 B __bss_end__
00132b30 A __end__
00132b30 B __tls_end
